
Processing 中高级语法1 (e:\해외에 가다\韩语单词\语法讲解1.pdf)...
  Grammar items: 73
  Valid questions: 73
  Units: 8
    Unit 1: 10 questions
    Unit 2: 10 questions
    Unit 3: 10 questions
    Unit 4: 10 questions
    Unit 5: 10 questions
    Unit 6: 10 questions
    Unit 7: 10 questions
    Unit 8: 3 questions

Processing 中高级语法2 (e:\해외에 가다\韩语单词\语法讲解2.pdf)...
  Grammar items: 73
  Valid questions: 73
  Units: 8
    Unit 1: 10 questions
    Unit 2: 10 questions
    Unit 3: 10 questions
    Unit 4: 10 questions
    Unit 5: 10 questions
    Unit 6: 10 questions
    Unit 7: 10 questions
    Unit 8: 3 questions

Processing 中高级语法3 (e:\해외에 가다\韩语单词\语法讲解3.pdf)...
  Grammar items: 40
  Valid questions: 40
  Units: 4
    Unit 1: 10 questions
    Unit 2: 10 questions
    Unit 3: 10 questions
    Unit 4: 10 questions

Saved e:\해외에 가다\韩语单词\grammar_data.json
Total levels: 3
